src/components/RestorePickerModal.tsx(3,16): error TS2305: Module '"@react-native-documents/picker"' has no exported member 'isCancel'.
src/screens/DashboardScreen.tsx(6,57): error TS2344: Type '"Dashboard"' does not satisfy the constraint 'keyof RootStackParamList'.
src/screens/ModelDownloadScreen.tsx(11,15): error TS2345: Argument of type '() => () => boolean' is not assignable to parameter of type 'EffectCallback'.
  Type '() => boolean' is not assignable to type 'void | Destructor'.
    Type '() => boolean' is not assignable to type 'Destructor'.
      Type 'boolean' is not assignable to type 'void | { [UNDEFINED_VOID_ONLY]: never; }'.
src/services/ingestion/TransactionImporter.ts(120,62): error TS2345: Argument of type 'boolean' is not assignable to parameter of type 'string[]'.
src/services/ingestion/TransactionImporter.ts(234,56): error TS2345: Argument of type '{ amount: number; date: string; description: string; categoryId: string; source: "mpesa"; rawText: string; transactionId: string; excludeFromAnalytics: boolean; type: "income" | "expense" | "transfer"; sender: string; recipient: string; }' is not assignable to parameter of type 'Omit<Expense, "id" | "synced" | "allocations"> | Omit<Expense, "id" | "isVerified" | "synced" | "allocations">'.
  Property 'isBusiness' is missing in type '{ amount: number; date: string; description: string; categoryId: string; source: "mpesa"; rawText: string; transactionId: string; excludeFromAnalytics: boolean; type: "income" | "expense" | "transfer"; sender: string; recipient: string; }' but required in type 'Omit<Expense, "id" | "isVerified" | "synced" | "allocations">'.
src/services/ingestion/TransactionImporter.ts(246,17): error TS1117: An object literal cannot have multiple properties with the same name.
src/services/ingestion/TransactionImporter.ts(276,21): error TS2322: Type '"manual" | "auto" | "catchup"' is not assignable to type '"auto" | "catchup"'.
  Type '"manual"' is not assignable to type '"auto" | "catchup"'.
src/services/llm/ModelManager.ts(100,38): error TS2345: Argument of type 'number' is not assignable to parameter of type 'string'.
src/services/llm/ModelManager.ts(160,46): error TS2345: Argument of type 'number' is not assignable to parameter of type 'string'.
src/services/llm/ModelManager.ts(209,36): error TS2345: Argument of type 'number' is not assignable to parameter of type 'string'.
src/services/llm/ModelManager.ts(212,47): error TS2345: Argument of type '(value: unknown) => void' is not assignable to parameter of type '() => void'.
  Target signature provides too few arguments. Expected 1 or more, but got 0.
src/services/llm/ModelManager.ts(215,36): error TS2345: Argument of type 'number' is not assignable to parameter of type 'string'.
src/services/llm/ModelManager.ts(317,35): error TS2345: Argument of type 'number' is not assignable to parameter of type 'string'.
